******************************************************************************
                  TI ARM Linker PC v20.2.7                     
******************************************************************************
>> Linked Sun Aug 27 21:33:55 2023

OUTPUT FILE NAME:   <TestLAST_V2.out>
ENTRY POINT SYMBOL: "_c_int00_noargs"  address: 00001c15


MEMORY CONFIGURATION

         name            origin    length      used     unused   attr    fill
----------------------  --------  ---------  --------  --------  ----  --------
  FLASH                 00000000   00040000  00001d68  0003e298  R  X
  SRAM                  20000000   00008000  0000035d  00007ca3  RW X


SEGMENT ALLOCATION MAP

run origin  load origin   length   init length attrs members
----------  ----------- ---------- ----------- ----- -------
00000000    00000000    00001d68   00001d68    r-x
  00000000    00000000    0000026c   0000026c    r-- .intvecs
  0000026c    0000026c    00001a2c   00001a2c    r-x .text
  00001c98    00001c98    00000088   00000088    r-- .const
  00001d20    00001d20    00000048   00000048    r-- .cinit
20000000    20000000    0000035d   00000000    rw-
  20000000    20000000    00000200   00000000    rw- .stack
  20000200    20000200    0000015b   00000000    rw- .data
  2000035b    2000035b    00000002   00000000    rw- .bss


SECTION ALLOCATION MAP

 output                                  attributes/
section   page    origin      length       input sections
--------  ----  ----------  ----------   ----------------
.intvecs   0    00000000    0000026c     
                  00000000    0000026c     tm4c123gh6pm_startup_ccs.obj (.intvecs)

.text      0    0000026c    00001a2c     
                  0000026c    00000680     Calculator.obj (.text)
                  000008ec    0000047c     EXTI_Program.obj (.text)
                  00000d68    00000468     GPIO_Program.obj (.text)
                  000011d0    0000037c     LCD.obj (.text)
                  0000154c    0000016c     KeyPad.obj (.text)
                  000016b8    00000136     rtsv7M4_T_le_v4SPD16_eabi.lib : fd_div_t2.asm.obj (.text)
                  000017ee    000000fc                                   : fd_mul_t2.asm.obj (.text)
                  000018ea    0000009c                                   : memcpy_t2.asm.obj (.text)
                  00001986    0000007c     Delay.obj (.text)
                  00001a02    0000007a     rtsv7M4_T_le_v4SPD16_eabi.lib : memset_t2.asm.obj (.text)
                  00001a7c    0000006e                                   : fd_tos_t2.asm.obj (.text)
                  00001aea    00000068                                   : copy_decompress_lzss.c.obj (.text:decompress:lzss:__TI_decompress_lzss)
                  00001b52    00000002     --HOLE-- [fill = 0]
                  00001b54    00000044                                   : autoinit.c.obj (.text:__TI_auto_init_nobinit_nopinit:__TI_auto_init_nobinit_nopinit)
                  00001b98    00000044                                   : fd_tou_t2.asm.obj (.text)
                  00001bdc    00000038                                   : fs_tod_t2.asm.obj (.text)
                  00001c14    00000034                                   : boot_cortex_m.c.obj (.text:_c_int00_noargs:_c_int00_noargs)
                  00001c48    0000001c                                   : copy_zero_init.c.obj (.text:decompress:ZI:__TI_zero_init_nomemset:__TI_zero_init_nomemset)
                  00001c64    00000012     main.obj (.text)
                  00001c76    0000000e     rtsv7M4_T_le_v4SPD16_eabi.lib : copy_decompress_none.c.obj (.text:decompress:none:__TI_decompress_none)
                  00001c84    0000000c     tm4c123gh6pm_startup_ccs.obj (.text)
                  00001c90    00000004     rtsv7M4_T_le_v4SPD16_eabi.lib : pre_init.c.obj (.text:_system_pre_init)
                  00001c94    00000004                                   : exit.c.obj (.text:abort:abort)

.const     0    00001c98    00000088     
                  00001c98    00000040     KeyPad.obj (.const:$P$T0$1)
                  00001cd8    00000038     LCD.obj (.const:$P$T0$1)
                  00001d10    00000010     KeyPad.obj (.const:$P$T1$2)

.cinit     0    00001d20    00000048     
                  00001d20    00000022     (.cinit..data.load) [load image, compression = lzss]
                  00001d42    00000002     --HOLE-- [fill = 0]
                  00001d44    0000000c     (__TI_handler_table)
                  00001d50    00000008     (.cinit..bss.load) [load image, compression = zero_init]
                  00001d58    00000010     (__TI_cinit_table)

.init_array 
*          0    00000000    00000000     UNINITIALIZED

.data      0    20000200    0000015b     UNINITIALIZED
                  20000200    000000c0     EXTI_Program.obj (.data:EXTI_CallBackFunc)
                  200002c0    00000050     Calculator.obj (.data:arrElements)
                  20000310    00000018     EXTI_Program.obj (.data:EXTI_Arr)
                  20000328    00000018     GPIO_Program.obj (.data:GPIO_Arr)
                  20000340    00000018     LCD.obj (.data:GPIO_Arr)
                  20000358    00000003     Calculator.obj (.data)

.bss       0    2000035b    00000002     UNINITIALIZED
                  2000035b    00000001     (.common:counter)
                  2000035c    00000001     (.common:cur_col)

.stack     0    20000000    00000200     UNINITIALIZED
                  20000000    00000004     rtsv7M4_T_le_v4SPD16_eabi.lib : boot_cortex_m.c.obj (.stack)
                  20000004    000001fc     --HOLE--

__llvm_prf_cnts 
*          0    20000000    00000000     UNINITIALIZED

MODULE SUMMARY

       Module                         code   ro data   rw data
       ------                         ----   -------   -------
    .\
       tm4c123gh6pm_startup_ccs.obj   12     620       0      
       main.obj                       18     0         1      
    +--+------------------------------+------+---------+---------+
       Total:                         30     620       1      
                                                              
    .\1.MCAL\EXTI\SRC\
       EXTI_Program.obj               1148   0         216    
    +--+------------------------------+------+---------+---------+
       Total:                         1148   0         216    
                                                              
    .\1.MCAL\GPIO\SRC\
       GPIO_Program.obj               1128   0         24     
    +--+------------------------------+------+---------+---------+
       Total:                         1128   0         24     
                                                              
    .\2-HAL\KeyPad\
       KeyPad.obj                     364    80        0      
    +--+------------------------------+------+---------+---------+
       Total:                         364    80        0      
                                                              
    .\2-HAL\LCD\
       LCD.obj                        892    56        25     
    +--+------------------------------+------+---------+---------+
       Total:                         892    56        25     
                                                              
    .\3-APP\Calculator\
       Calculator.obj                 1664   0         83     
    +--+------------------------------+------+---------+---------+
       Total:                         1664   0         83     
                                                              
    .\4.LIB\
       Delay.obj                      124    0         0      
    +--+------------------------------+------+---------+---------+
       Total:                         124    0         0      
                                                              
    C:\ti\ccs1240\ccs\tools\compiler\ti-cgt-arm_20.2.7.LTS\lib\rtsv7M4_T_le_v4SPD16_eabi.lib
       fd_div_t2.asm.obj              310    0         0      
       fd_mul_t2.asm.obj              252    0         0      
       memcpy_t2.asm.obj              156    0         0      
       memset_t2.asm.obj              122    0         0      
       fd_tos_t2.asm.obj              110    0         0      
       copy_decompress_lzss.c.obj     104    0         0      
       autoinit.c.obj                 68     0         0      
       fd_tou_t2.asm.obj              68     0         0      
       fs_tod_t2.asm.obj              56     0         0      
       boot_cortex_m.c.obj            52     0         0      
       copy_zero_init.c.obj           28     0         0      
       copy_decompress_none.c.obj     14     0         0      
       exit.c.obj                     4      0         0      
       pre_init.c.obj                 4      0         0      
    +--+------------------------------+------+---------+---------+
       Total:                         1348   0         0      
                                                              
       Stack:                         0      0         512    
       Linker Generated:              0      70        0      
    +--+------------------------------+------+---------+---------+
       Grand Total:                   6698   826       861    


LINKER GENERATED COPY TABLES

__TI_cinit_table @ 00001d58 records: 2, size/record: 8, table size: 16
	.data: load addr=00001d20, load size=00000022 bytes, run addr=20000200, run size=0000015b bytes, compression=lzss
	.bss: load addr=00001d50, load size=00000008 bytes, run addr=2000035b, run size=00000002 bytes, compression=zero_init


LINKER GENERATED HANDLER TABLE

__TI_handler_table @ 00001d44 records: 3, size/record: 4, table size: 12
	index: 0, handler: __TI_decompress_lzss
	index: 1, handler: __TI_decompress_none
	index: 2, handler: __TI_zero_init


GLOBAL SYMBOLS: SORTED ALPHABETICALLY BY Name 

address   name                          
-------   ----                          
00001c95  C$$EXIT                       
0000026d  Calculator_vidProgram         
000007a7  EXTIB0_CallBack               
000007f1  EXTIB1_CallBack               
00000837  EXTIB2_CallBack               
00000885  EXTIB3_CallBack               
000008ed  EXTI_Init                     
00000a77  EXTI_SetCallBack              
00000acb  GPIOA_Handler                 
00000b31  GPIOB_Handler                 
00000b95  GPIOC_Handler                 
00000bfb  GPIOD_Handler                 
00000c65  GPIOE_Handler                 
00000ccb  GPIOF_Handler                 
0000111d  GPIO_GetPinValue              
00001185  GPIO_GetPortValue             
00000d69  GPIO_Init                     
00001071  GPIO_SetPinValue              
000010cb  GPIO_SetPortValue             
0000154d  KeyPad_vidInit                
00001387  LCD_clear                     
0000133f  LCD_move_cusor                
000011d1  LCD_vidInit                   
0000122f  LCD_vidSendNibbleCMD          
00001277  LCD_vidSendNibbleData         
000012bf  LCD_vidWriteChar              
000013a5  LCD_vidWriteNumber            
000012ff  LCD_vidWriteString            
00001c85  ResetISR                      
20000200  __STACK_END                   
00000200  __STACK_SIZE                  
20000200  __STACK_TOP                   
00001d58  __TI_CINIT_Base               
00001d68  __TI_CINIT_Limit              
00001d44  __TI_Handler_Table_Base       
00001d50  __TI_Handler_Table_Limit      
00001b55  __TI_auto_init_nobinit_nopinit
00001aeb  __TI_decompress_lzss          
00001c77  __TI_decompress_none          
ffffffff  __TI_pprof_out_hndl           
ffffffff  __TI_prof_data_size           
ffffffff  __TI_prof_data_start          
00000000  __TI_static_base__            
00001c49  __TI_zero_init_nomemset       
00001a7d  __aeabi_d2f                   
00001b99  __aeabi_d2uiz                 
000016b9  __aeabi_ddiv                  
000017ef  __aeabi_dmul                  
00001bdd  __aeabi_f2d                   
00001a03  __aeabi_memclr                
00001a03  __aeabi_memclr4               
00001a03  __aeabi_memclr8               
000018eb  __aeabi_memcpy                
000018eb  __aeabi_memcpy4               
000018eb  __aeabi_memcpy8               
00001a05  __aeabi_memset                
00001a05  __aeabi_memset4               
00001a05  __aeabi_memset8               
ffffffff  __binit__                     
ffffffff  __c_args__                    
UNDEFED   __mpu_init                    
20000000  __stack                       
20000000  __start___llvm_prf_cnts       
20000000  __stop___llvm_prf_cnts        
00001c15  _c_int00_noargs               
UNDEFED   _system_post_cinit            
00001c91  _system_pre_init              
00001c95  abort                         
200002c0  arrElements                   
ffffffff  binit                         
00000675  calcOperation                 
2000035b  counter                       
2000035c  cur_col                       
00001987  delay_ms                      
000019c9  delay_us                      
0000077b  deleteEquation                
2000035a  elemntCount                   
000004c1  equationParse                 
00000000  g_pfnVectors                  
20000359  isPressed                     
00001c65  main                          
000018eb  memcpy                        
00001a0b  memset                        
20000358  pressedkey                    
00000721  removeElement                 
000015d5  scanButton                    


GLOBAL SYMBOLS: SORTED BY Symbol Address 

address   name                          
-------   ----                          
00000000  __TI_static_base__            
00000000  g_pfnVectors                  
00000200  __STACK_SIZE                  
0000026d  Calculator_vidProgram         
000004c1  equationParse                 
00000675  calcOperation                 
00000721  removeElement                 
0000077b  deleteEquation                
000007a7  EXTIB0_CallBack               
000007f1  EXTIB1_CallBack               
00000837  EXTIB2_CallBack               
00000885  EXTIB3_CallBack               
000008ed  EXTI_Init                     
00000a77  EXTI_SetCallBack              
00000acb  GPIOA_Handler                 
00000b31  GPIOB_Handler                 
00000b95  GPIOC_Handler                 
00000bfb  GPIOD_Handler                 
00000c65  GPIOE_Handler                 
00000ccb  GPIOF_Handler                 
00000d69  GPIO_Init                     
00001071  GPIO_SetPinValue              
000010cb  GPIO_SetPortValue             
0000111d  GPIO_GetPinValue              
00001185  GPIO_GetPortValue             
000011d1  LCD_vidInit                   
0000122f  LCD_vidSendNibbleCMD          
00001277  LCD_vidSendNibbleData         
000012bf  LCD_vidWriteChar              
000012ff  LCD_vidWriteString            
0000133f  LCD_move_cusor                
00001387  LCD_clear                     
000013a5  LCD_vidWriteNumber            
0000154d  KeyPad_vidInit                
000015d5  scanButton                    
000016b9  __aeabi_ddiv                  
000017ef  __aeabi_dmul                  
000018eb  __aeabi_memcpy                
000018eb  __aeabi_memcpy4               
000018eb  __aeabi_memcpy8               
000018eb  memcpy                        
00001987  delay_ms                      
000019c9  delay_us                      
00001a03  __aeabi_memclr                
00001a03  __aeabi_memclr4               
00001a03  __aeabi_memclr8               
00001a05  __aeabi_memset                
00001a05  __aeabi_memset4               
00001a05  __aeabi_memset8               
00001a0b  memset                        
00001a7d  __aeabi_d2f                   
00001aeb  __TI_decompress_lzss          
00001b55  __TI_auto_init_nobinit_nopinit
00001b99  __aeabi_d2uiz                 
00001bdd  __aeabi_f2d                   
00001c15  _c_int00_noargs               
00001c49  __TI_zero_init_nomemset       
00001c65  main                          
00001c77  __TI_decompress_none          
00001c85  ResetISR                      
00001c91  _system_pre_init              
00001c95  C$$EXIT                       
00001c95  abort                         
00001d44  __TI_Handler_Table_Base       
00001d50  __TI_Handler_Table_Limit      
00001d58  __TI_CINIT_Base               
00001d68  __TI_CINIT_Limit              
20000000  __stack                       
20000000  __start___llvm_prf_cnts       
20000000  __stop___llvm_prf_cnts        
20000200  __STACK_END                   
20000200  __STACK_TOP                   
200002c0  arrElements                   
20000358  pressedkey                    
20000359  isPressed                     
2000035a  elemntCount                   
2000035b  counter                       
2000035c  cur_col                       
ffffffff  __TI_pprof_out_hndl           
ffffffff  __TI_prof_data_size           
ffffffff  __TI_prof_data_start          
ffffffff  __binit__                     
ffffffff  __c_args__                    
ffffffff  binit                         
UNDEFED   __mpu_init                    
UNDEFED   _system_post_cinit            

[86 symbols]
